<?xml version="1.0" encoding="utf-8"?><testsuites name="pytest tests"><testsuite name="pytest" errors="0" failures="15" skipped="2" tests="218" time="18.335" timestamp="2026-02-21T16:49:39.156740+02:00" hostname="Laptop-Risto"><testcase classname="backend.tests.api.routes.config.test_knowledge" name="test_ingest_knowledge_base_success" time="0.005" /><testcase classname="backend.tests.api.routes.config.test_knowledge" name="test_get_ingestion_status_found" time="0.002" /><testcase classname="backend.tests.api.routes.config.test_knowledge" name="test_get_ingestion_status_not_found" time="0.002" /><testcase classname="backend.tests.api.routes.config.test_model_safety" name="test_delete_default_strategy" time="0.010" /><testcase classname="backend.tests.api.routes.config.test_model_safety" name="test_delete_nested_default_strategy" time="0.002" /><testcase classname="backend.tests.api.routes.config.test_model_safety" name="test_delete_used_strategy" time="0.008" /><testcase classname="backend.tests.api.routes.config.test_model_safety" name="test_delete_unused_strategy" time="0.008" /><testcase classname="backend.tests.api.routes.config.test_model_safety" name="test_delete_non_existent" time="0.008" /><testcase classname="backend.tests.api.routes.config.test_model_safety" name="test_delete_nested_strategy" time="0.007" /><testcase classname="backend.tests.api.test_admin_router" name="test_require_root_permission_denied" time="0.002" /><testcase classname="backend.tests.api.test_admin_router" name="test_require_admin_or_root_permission_denied" time="0.002" /><testcase classname="backend.tests.api.test_admin_router" name="test_create_user_fail_fast_permission" time="0.006" /><testcase classname="backend.tests.api.test_admin_router" name="test_create_user_fail_fast_value_error" time="0.003" /><testcase classname="backend.tests.api.test_admin_router" name="test_add_banned_phrase_validation" time="0.002" /><testcase classname="backend.tests.api.test_agents_router" name="test_run_agent_not_found" time="0.011" /><testcase classname="backend.tests.api.test_agents_router" name="test_run_agent_success" time="0.009" /><testcase classname="backend.tests.api.test_agents_router" name="test_run_agent_validation_error" time="0.010" /><testcase classname="backend.tests.api.test_agents_router" name="test_run_agent_runtime_error" time="0.009" /><testcase classname="backend.tests.api.test_agents_router" name="test_run_agent_missing_model" time="0.007" /><testcase classname="backend.tests.api.test_agents_router" name="test_run_agent_invalid_strategy" time="0.008" /><testcase classname="backend.tests.api.test_audit_router" name="test_audit_root_access" time="0.010" /><testcase classname="backend.tests.api.test_audit_router" name="test_audit_admin_access_own_org" time="0.007" /><testcase classname="backend.tests.api.test_audit_router" name="test_audit_admin_access_other_org_denied" time="0.008" /><testcase classname="backend.tests.api.test_audit_router" name="test_audit_member_denied" time="0.008" /><testcase classname="backend.tests.api.test_audit_router" name="test_audit_service_failure" time="0.009" /><testcase classname="backend.tests.api.test_auth_router" name="test_verify_user_token_success" time="0.010" /><testcase classname="backend.tests.api.test_auth_router" name="test_impersonate_user_success" time="0.008" /><testcase classname="backend.tests.api.test_auth_router" name="test_impersonate_user_denied_non_root" time="0.008" /><testcase classname="backend.tests.api.test_auth_router" name="test_list_users_scoping" time="0.014" /><testcase classname="backend.tests.api.test_builder_api" name="test_get_workflow_schema" time="0.010" /><testcase classname="backend.tests.api.test_builder_api" name="test_get_workflow_schema_fi" time="0.008" /><testcase classname="backend.tests.api.test_builder_api" name="test_invalid_component_schema" time="0.005" /><testcase classname="backend.tests.api.test_builder_preview" name="test_preview_step_flow" time="0.659" /><testcase classname="backend.tests.api.test_builder_preview" name="test_preview_chain_flow" time="0.907" /><testcase classname="backend.tests.api.test_builder_preview" name="test_preview_not_found" time="0.014" /><testcase classname="backend.tests.api.test_llm_router" name="test_update_model_config_success" time="0.010" /><testcase classname="backend.tests.api.test_llm_router" name="test_generate_completion_invalid_strategy" time="0.012" /><testcase classname="backend.tests.api.test_llm_router" name="test_batch_completion_partial_failure" time="0.014" /><testcase classname="backend.tests.api.test_llm_router" name="test_list_providers" time="0.007" /><testcase classname="backend.tests.api.test_localization_expansion" name="test_get_generic_schema_fi" time="0.013" /><testcase classname="backend.tests.api.test_localization_expansion" name="test_get_evaluation_matrix_schema_fi" time="0.008" /><testcase classname="backend.tests.api.test_localization_expansion" name="test_get_agents_list_fi" time="0.412" /><testcase classname="backend.tests.api.test_localization_expansion" name="test_get_schemas_list_fi" time="0.185" /><testcase classname="backend.tests.api.test_localization_expansion" name="test_get_execution_view_fi" time="0.010" /><testcase classname="backend.tests.api.test_organization_router" name="test_create_organization_root_only" time="0.023" /><testcase classname="backend.tests.api.test_organization_router" name="test_get_organization_access_control" time="0.019" /><testcase classname="backend.tests.api.test_organization_router" name="test_get_organization_usage_not_found" time="0.009" /><testcase classname="backend.tests.api.test_organization_router" name="test_delete_organization_conflict" time="0.009" /><testcase classname="backend.tests.api.test_organization_router" name="test_create_organization_user_strict_types" time="0.011" /><testcase classname="backend.tests.api.test_pdf_security" name="test_rbac_root_allow" time="0.001" /><testcase classname="backend.tests.api.test_pdf_security" name="test_rbac_admin_allow" time="0.000" /><testcase classname="backend.tests.api.test_pdf_security" name="test_rbac_manager_own_org_allow" time="0.001" /><testcase classname="backend.tests.api.test_pdf_security" name="test_rbac_manager_other_org_deny" time="0.001" /><testcase classname="backend.tests.api.test_pdf_security" name="test_rbac_member_own_exec_allow" time="0.000" /><testcase classname="backend.tests.api.test_pdf_security" name="test_rbac_member_other_exec_deny" time="0.000" /><testcase classname="backend.tests.api.test_pdf_security" name="test_download_endpoint_file_exists" time="0.003" /><testcase classname="backend.tests.api.test_pdf_security" name="test_download_endpoint_queues_job" time="0.003" /><testcase classname="backend.tests.api.test_settings_router" name="test_get_settings_success" time="0.009" /><testcase classname="backend.tests.api.test_settings_router" name="test_get_settings_empty_db" time="0.008" /><testcase classname="backend.tests.api.test_settings_router" name="test_update_settings_success" time="0.011" /><testcase classname="backend.tests.api.test_settings_router" name="test_update_settings_permission_denied" time="0.009" /><testcase classname="backend.tests.api.test_tools_router" name="test_web_scrape_ssrf_blocked" time="0.011" /><testcase classname="backend.tests.api.test_tools_router" name="test_web_scrape_success" time="0.011" /><testcase classname="backend.tests.api.test_tools_router" name="test_extract_text_no_content" time="0.008" /><testcase classname="backend.tests.api.test_tools_router" name="test_extract_text_success_text" time="0.008" /><testcase classname="backend.tests.api.test_tools_router" name="test_extract_concepts_success" time="0.010" /><testcase classname="backend.tests.api.test_view_models" name="test_assessment_view_model_valid" time="0.000" /><testcase classname="backend.tests.api.test_view_models" name="test_assessment_view_model_invalid_variant" time="0.001" /><testcase classname="backend.tests.api.test_view_models" name="test_assessment_view_model_extra_forbid" time="0.001" /><testcase classname="backend.tests.api.test_workflow_control" name="test_cancel_execution_success" time="0.003" /><testcase classname="backend.tests.api.test_workflow_control" name="test_cancel_execution_already_done" time="0.002" /><testcase classname="backend.tests.api.test_workflow_control" name="test_cancel_execution_permission_denied" time="0.002" /><testcase classname="backend.tests.api.test_workflow_mapping" name="test_create_workflow_missing_mapping" time="0.008" /><testcase classname="backend.tests.api.test_workflow_mapping" name="test_update_workflow_missing_mapping" time="0.008" /><testcase classname="backend.tests.api.transformers.test_assessment" name="test_transform_success_running" time="0.001" /><testcase classname="backend.tests.api.transformers.test_assessment" name="test_transform_success_completed" time="0.001" /><testcase classname="backend.tests.api.transformers.test_assessment" name="test_transform_success_failed" time="0.001" /><testcase classname="backend.tests.api.transformers.test_assessment" name="test_transform_missing_data" time="0.001" /><testcase classname="backend.tests.api.transformers.test_domain_transformers" name="test_logic_transformer_extracts_display_model" time="0.001" /><testcase classname="backend.tests.api.transformers.test_domain_transformers" name="test_logic_transformer_handles_missing_step" time="0.000" /><testcase classname="backend.tests.api.transformers.test_domain_transformers" name="test_stress_transformer_extracts_display_model" time="0.000" /><testcase classname="backend.tests.api.transformers.test_domain_transformers" name="test_causal_transformer_extracts_display_model" time="0.000" /><testcase classname="backend.tests.api.transformers.test_domain_transformers" name="test_profiler_transformer_extracts_display_model" time="0.001" /><testcase classname="backend.tests.api.transformers.test_domain_transformers" name="test_detector_transformer_extracts_display_model" time="0.001" /><testcase classname="backend.tests.api.transformers.test_domain_transformers" name="test_driver_transformer_extracts_display_model" time="0.000" /><testcase classname="backend.tests.api.transformers.test_domain_transformers" name="test_archivist_transformer_extracts_display_model" time="0.000" /><testcase classname="backend.tests.api.transformers.test_report_transformer" name="test_report_transformer_process_all_stages" time="0.001" /><testcase classname="backend.tests.core.test_component" name="test_strict_component_execution" time="0.002" /><testcase classname="backend.tests.core.test_component" name="test_strict_component_failure" time="0.002" /><testcase classname="backend.tests.core.test_component" name="test_base_agent_compatibility" time="0.000" /><testcase classname="backend.tests.core.test_engine_errors" name="test_resolve_inputs_failure" time="0.001" /><testcase classname="backend.tests.core.test_engine_errors" name="test_execute_workflow_task_not_found" time="0.005" /><testcase classname="backend.tests.core.test_engine_errors" name="test_execute_workflow_input_validation_failed" time="0.005" /><testcase classname="backend.tests.core.test_engine_errors" name="test_execute_workflow_chat_parsing_failed" time="0.003" /><testcase classname="backend.tests.core.test_rate_limit" name="test_rate_limit_handler_structure" time="0.001" /><testcase classname="backend.tests.core.test_rate_limit" name="test_rate_limit_handler_unknown_detail" time="0.002" /><testcase classname="backend.tests.core.test_registry" name="test_register_agent_instantiation_failure" time="0.001" /><testcase classname="backend.tests.core.test_registry" name="test_agent_wrapper_configuration_failure" time="0.003" /><testcase classname="backend.tests.core.test_registry" name="test_agent_wrapper_model_override_failure" time="0.004" /><testcase classname="backend.tests.hooks.test_archival" name="test_retrieve_precedent_no_repo" time="0.002" /><testcase classname="backend.tests.hooks.test_archival" name="test_retrieve_precedent_success" time="0.002" /><testcase classname="backend.tests.hooks.test_archival" name="test_retrieve_precedent_empty" time="0.002" /><testcase classname="backend.tests.hooks.test_archival" name="test_retrieve_precedent_repo_error" time="0.003" /><testcase classname="backend.tests.hooks.test_integrity" name="test_enforce_hypothesis_linking_success" time="0.001" /><testcase classname="backend.tests.hooks.test_integrity" name="test_enforce_hypothesis_linking_bad_format" time="0.001" /><testcase classname="backend.tests.hooks.test_integrity" name="test_enforce_hypothesis_linking_sequence_gap" time="0.001" /><testcase classname="backend.tests.hooks.test_integrity" name="test_verify_citation_integrity_success" time="0.000" /><testcase classname="backend.tests.hooks.test_integrity" name="test_verify_citation_integrity_fail_fast" time="0.001" /><testcase classname="backend.tests.hooks.test_linguistics" name="test_detect_patterns_english_default" time="0.001" /><testcase classname="backend.tests.hooks.test_linguistics" name="test_detect_patterns_finnish_context" time="0.001" /><testcase classname="backend.tests.hooks.test_linguistics" name="test_detect_patterns_finnish_inputs_fallback" time="0.001" /><testcase classname="backend.tests.hooks.test_linguistics" name="test_no_patterns_clean_text" time="0.000" /><testcase classname="backend.tests.hooks.test_references" name="test_generate_bibliography_hook_success" time="0.003" /><testcase classname="backend.tests.hooks.test_references" name="test_generate_bibliography_hook_empty_text" time="0.002" /><testcase classname="backend.tests.hooks.test_references" name="test_generate_bibliography_hook_fail_fast_on_error" time="0.002" /><testcase classname="backend.tests.hooks.test_references" name="test_generate_bibliography_hook_fallback_to_repo" time="0.003" /><testcase classname="backend.tests.hooks.test_reporting" name="test_generate_report_success" time="0.001" /><testcase classname="backend.tests.hooks.test_reporting" name="test_generate_report_fail_fast_missing_template_dir" time="0.001" /><testcase classname="backend.tests.hooks.test_scoring" name="test_apply_scoring_missing_judge" time="0.001" /><testcase classname="backend.tests.hooks.test_scoring" name="test_passivity_invalid_dict_rejected" time="0.001" /><testcase classname="backend.tests.hooks.test_scoring" name="test_passivity_legacy_dict_accepted" time="0.001" /><testcase classname="backend.tests.hooks.test_scoring" name="test_apply_scoring_invalid_dict_rejected" time="0.001" /><testcase classname="backend.tests.hooks.test_search" name="test_missing_step_analyst" time="0.001" /><testcase classname="backend.tests.hooks.test_search" name="test_invalid_step_analyst_schema" time="0.001" /><testcase classname="backend.tests.hooks.test_search" name="test_no_hypotheses" time="0.001" /><testcase classname="backend.tests.hooks.test_search" name="test_config_error_fail_fast" time="0.001" /><testcase classname="backend.tests.hooks.test_search" name="test_execution_success" time="0.001" /><testcase classname="backend.tests.hooks.test_search" name="test_execution_failure_fail_fast" time="0.002" /><testcase classname="backend.tests.hooks.test_search" name="test_language_context" time="0.001" /><testcase classname="backend.tests.hooks.test_security" name="test_sanitize_text_basic" time="0.001" /><testcase classname="backend.tests.hooks.test_security" name="test_sanitize_hook_success" time="0.001" /><testcase classname="backend.tests.hooks.test_security" name="test_sanitize_hook_missing_inputs" time="0.001" /><testcase classname="backend.tests.hooks.test_security" name="test_banned_phrases_check_defaults" time="0.002" /><testcase classname="backend.tests.hooks.test_security" name="test_banned_phrases_db_error" time="0.003" /><testcase classname="backend.tests.hooks.test_security" name="test_banned_phrases_detected" time="0.003" /><testcase classname="backend.tests.hooks.test_security" name="test_banned_phrases_clean" time="0.002" /><testcase classname="backend.tests.hooks.test_validation" name="test_verify_structure_success" time="0.001" /><testcase classname="backend.tests.hooks.test_validation" name="test_verify_structure_short_input" time="0.001" /><testcase classname="backend.tests.hooks.test_validation" name="test_verify_structure_missing_context" time="0.001" /><testcase classname="backend.tests.hooks.test_validation" name="test_verify_structure_invalid_inputs_type" time="0.001" /><testcase classname="backend.tests.integration.test_config_integrity" name="test_agent_wrapper_propagates_temperature" time="0.005" /><testcase classname="backend.tests.integration.test_config_integrity" name="test_prompt_substitution" time="0.004" /><testcase classname="backend.tests.integration.test_execution_endpoints" name="test_get_execution_view_endpoint" time="0.008"><failure message="AssertionError: assert 'Auditintiraportti' == 'Audit Report'&#10;  &#10;  #x1B[0m#x1B[91m- Audit Report#x1B[39;49;00m#x1B[90m#x1B[39;49;00m&#10;  #x1B[92m+ Auditintiraportti#x1B[39;49;00m#x1B[90m#x1B[39;49;00m">E   AssertionError: assert 'Auditintiraportti' == 'Audit Report'
      
      #x1B[0m#x1B[91m- Audit Report#x1B[39;49;00m#x1B[90m#x1B[39;49;00m
      #x1B[92m+ Auditintiraportti#x1B[39;49;00m#x1B[90m#x1B[39;49;00m</failure></testcase><testcase classname="backend.tests.integration.test_execution_endpoints" name="test_get_flat_report_endpoint" time="0.009"><failure message="AssertionError: Response: {&quot;type&quot;:&quot;https://api.quorum.fi/errors/internal-server-error&quot;,&quot;title&quot;:&quot;Internal Server Error&quot;,&quot;status&quot;:500,&quot;detail&quot;:&quot;'ExecutionRecord' object has no attribute 'context_variables'&quot;,&quot;instance&quot;:&quot;/executions/9353e9a0-013a-42e6-8fd0-41a207d67c60/flat&quot;,&quot;extensions&quot;:{&quot;error_code&quot;:&quot;INTERNAL_SERVER_ERROR&quot;}}&#10;assert 500 == 200&#10; +  where 500 = &lt;Response [500 Internal Server Error]&gt;.status_code">E   AssertionError: Response: {"type":"https://api.quorum.fi/errors/internal-server-error","title":"Internal Server Error","status":500,"detail":"'ExecutionRecord' object has no attribute 'context_variables'","instance":"/executions/9353e9a0-013a-42e6-8fd0-41a207d67c60/flat","extensions":{"error_code":"INTERNAL_SERVER_ERROR"}}
    assert 500 == 200
     +  where 500 = &lt;Response [500 Internal Server Error]&gt;.status_code</failure></testcase><testcase classname="backend.tests.integration.test_execution_endpoints" name="test_get_pdf_endpoint" time="0.005" /><testcase classname="backend.tests.integration.test_pdf_worker" name="test_generate_pdf_job_success" time="0.003" /><testcase classname="backend.tests.integration.test_pdf_worker" name="test_generate_pdf_job_failure" time="0.004" /><testcase classname="backend.tests.manual.test_agents_strict_dto" name="test_agent_schemas" time="0.001" /><testcase classname="backend.tests.manual.test_agents_strict_dto" name="test_agent_execution_mock" time="0.003"><failure message="pydantic_core._pydantic_core.ValidationError: 2 validation errors for FalsifierDTO&#10;falsifier_data.stress_test_findings&#10;  Value error, Stress test findings cannot be empty. [type=value_error, input_value=[], input_type=list]&#10;    For further information visit https://errors.pydantic.dev/2.12/v/value_error&#10;falsifier_data.fidelity_audit&#10;  Input should be a valid dictionary or instance of ReasoningFidelity [type=model_type, input_value='Mock fidelity audit', input_type=str]&#10;    For further information visit https://errors.pydantic.dev/2.12/v/model_type">E   pydantic_core._pydantic_core.ValidationError: 2 validation errors for FalsifierDTO
    falsifier_data.stress_test_findings
      Value error, Stress test findings cannot be empty. [type=value_error, input_value=[], input_type=list]
        For further information visit https://errors.pydantic.dev/2.12/v/value_error
    falsifier_data.fidelity_audit
      Input should be a valid dictionary or instance of ReasoningFidelity [type=model_type, input_value='Mock fidelity audit', input_type=str]
        For further information visit https://errors.pydantic.dev/2.12/v/model_type</failure></testcase><testcase classname="backend.tests.manual.test_delete_model" name="test_delete_api" time="0.000"><skipped type="pytest.skip" message="Manual API test requiring live server">C:\src\quorum\backend\tests\manual\test_delete_model.py:9: Manual API test requiring live server</skipped></testcase><testcase classname="backend.tests.manual.test_delete_safety" name="test_safety" time="0.000"><skipped type="pytest.skip" message="Manual API test requiring live server">C:\src\quorum\backend\tests\manual\test_delete_safety.py:11: Manual API test requiring live server</skipped></testcase><testcase classname="backend.tests.manual.test_ingest_dynamic_strategy" name="test_dynamic_strategy" time="0.111" /><testcase classname="backend.tests.manual.test_kb_service_injection" name="test_kb_service_init" time="0.112"><failure message="backend.exceptions.ConfigurationError: Strict Mode: LLM Rate Limits (TPM/RPM) must be explicitly passed to Provider. No hardcoded defaults allowed.">E   backend.exceptions.ConfigurationError: Strict Mode: LLM Rate Limits (TPM/RPM) must be explicitly passed to Provider. No hardcoded defaults allowed.</failure></testcase><testcase classname="backend.tests.manual.test_output_pipeline_strict" name="test_strict_accessors" time="0.001"><failure message="assert False&#10; +  where False = isinstance(None, GuardOutput)">E   assert False
     +  where False = isinstance(None, GuardOutput)</failure></testcase><testcase classname="backend.tests.manual.test_xai_flat_generation.TestXAIFlatGeneration" name="test_flat_report_generation" time="0.003" /><testcase classname="backend.tests.services.parsers.test_bibliography_parser.TestBibliographyParser" name="test_detect_bibliography_header" time="0.001" /><testcase classname="backend.tests.services.parsers.test_bibliography_parser.TestBibliographyParser" name="test_detect_bibliography_finnish" time="0.001" /><testcase classname="backend.tests.services.parsers.test_bibliography_parser.TestBibliographyParser" name="test_parse_references_simple" time="0.000" /><testcase classname="backend.tests.services.parsers.test_bibliography_parser.TestBibliographyParser" name="test_parse_references_multiline" time="0.000" /><testcase classname="backend.tests.services.parsers.test_bibliography_parser.TestBibliographyParser" name="test_no_bibliography" time="0.001" /><testcase classname="backend.tests.test_domain_enums" name="test_security_check_enum_input" time="0.000" /><testcase classname="backend.tests.test_domain_enums" name="test_security_check_string_input" time="0.001" /><testcase classname="backend.tests.test_domain_enums" name="test_security_check_invalid_input" time="0.001" /><testcase classname="backend.tests.test_domain_enums" name="test_cognitive_level_calculation" time="0.000" /><testcase classname="backend.tests.test_domain_enums" name="test_cognitive_level_string_casting" time="0.000" /><testcase classname="backend.tests.test_domain_enums" name="test_reasoning_fidelity" time="0.000" /><testcase classname="backend.tests.test_domain_enums" name="test_counterfactual_test" time="0.001" /><testcase classname="backend.tests.test_domain_enums" name="test_causal_analysis" time="0.000"><failure message="pydantic_core._pydantic_core.ValidationError: 1 validation error for CausalAnalysis&#10;counterfactual_test&#10;  Input should be a valid dictionary or instance of CounterfactualTest [type=model_type, input_value='Mocked counterfactual', input_type=str]&#10;    For further information visit https://errors.pydantic.dev/2.12/v/model_type">E   pydantic_core._pydantic_core.ValidationError: 1 validation error for CausalAnalysis
    counterfactual_test
      Input should be a valid dictionary or instance of CounterfactualTest [type=model_type, input_value='Mocked counterfactual', input_type=str]
        For further information visit https://errors.pydantic.dev/2.12/v/model_type</failure></testcase><testcase classname="backend.tests.test_domain_enums" name="test_performativity_analysis" time="0.001" /><testcase classname="backend.tests.test_domain_enums" name="test_l10n_keys_exist" time="0.001" /><testcase classname="backend.tests.test_file_driver.TestLocalFileDriver" name="test_delete" time="0.010" /><testcase classname="backend.tests.test_file_driver.TestLocalFileDriver" name="test_get_url" time="0.004" /><testcase classname="backend.tests.test_file_driver.TestLocalFileDriver" name="test_nested_dir" time="0.008" /><testcase classname="backend.tests.test_file_driver.TestLocalFileDriver" name="test_save_and_read" time="0.010" /><testcase classname="backend.tests.test_file_driver.TestLocalFileDriver" name="test_save_string" time="0.012" /><testcase classname="backend.tests.test_file_driver.TestGCSFileDriver" name="test_delete" time="0.005" /><testcase classname="backend.tests.test_file_driver.TestGCSFileDriver" name="test_exists" time="0.005" /><testcase classname="backend.tests.test_file_driver.TestGCSFileDriver" name="test_read" time="0.005" /><testcase classname="backend.tests.test_file_driver.TestGCSFileDriver" name="test_save" time="0.018" /><testcase classname="backend.tests.test_storage_driver" name="test_tinydb_crud" time="0.021" /><testcase classname="backend.tests.test_storage_driver" name="test_tinydb_query" time="0.019" /><testcase classname="backend.tests.test_storage_driver" name="test_firestore_upsert" time="0.004" /><testcase classname="backend.tests.test_storage_driver" name="test_firestore_get" time="0.003" /><testcase classname="backend.tests.test_storage_driver" name="test_tinydb_serialization" time="0.004" /><testcase classname="backend.tests.test_storage_driver" name="test_firestore_serialization" time="0.002" /><testcase classname="backend.tests.test_storage_driver" name="test_repo_delegation" time="0.003" /><testcase classname="backend.tests.unit.test_chart_service.TestChartService" name="test_generate_radar_chart_valid" time="0.011"><failure message="backend.exceptions.AppException: Failed to generate radar chart.">E   AttributeError: __version__

The above exception was the direct cause of the following exception:
E   backend.exceptions.AppException: Failed to generate radar chart.</failure></testcase><testcase classname="backend.tests.unit.test_chart_service.TestChartService" name="test_generate_radar_chart_empty" time="0.001" /><testcase classname="backend.tests.unit.test_chart_service.TestChartService" name="test_generate_radar_chart_none" time="0.001" /><testcase classname="backend.tests.unit.test_chart_service.TestChartService" name="test_generate_radar_chart_failure" time="0.002" /><testcase classname="backend.tests.unit.test_chat_log_parser.TestChatLogParser" name="test_parse_explicit_format" time="0.001" /><testcase classname="backend.tests.unit.test_chat_log_parser.TestChatLogParser" name="test_parse_gemini_format" time="0.000" /><testcase classname="backend.tests.unit.test_chat_log_parser.TestChatLogParser" name="test_parse_chatgpt_format" time="0.001" /><testcase classname="backend.tests.unit.test_chat_log_parser.TestChatLogParser" name="test_parse_claude_format" time="0.000" /><testcase classname="backend.tests.unit.test_chat_log_parser.TestChatLogParser" name="test_parse_timestamp_format" time="0.001" /><testcase classname="backend.tests.unit.test_chat_log_parser.TestChatLogParser" name="test_parse_arrow_format_with_embedded_list" time="0.001" /><testcase classname="backend.tests.unit.test_chat_log_parser.TestChatLogParser" name="test_parse_arrow_with_header_response" time="0.000" /><testcase classname="backend.tests.unit.test_chat_log_parser.TestChatLogParser" name="test_empty_input_raises_error" time="0.001" /><testcase classname="backend.tests.unit.test_chat_log_parser.TestChatLogParser" name="test_fallback_unknown_format" time="0.000" /><testcase classname="backend.tests.unit.test_engine_cancellation" name="test_engine_graceful_cancellation" time="0.003"><failure message="pydantic_core._pydantic_core.ValidationError: 4 validation errors for WorkflowDefinition&#10;steps.0&#10;  Input should be a valid string [type=string_type, input_value=WorkflowStep(id='step1', ...st_keys=[], metadata={}), input_type=WorkflowStep]&#10;    For further information visit https://errors.pydantic.dev/2.12/v/string_type&#10;steps.1&#10;  Input should be a valid string [type=string_type, input_value=WorkflowStep(id='step2', ...st_keys=[], metadata={}), input_type=WorkflowStep]&#10;    For further information visit https://errors.pydantic.dev/2.12/v/string_type&#10;description&#10;  Field required [type=missing, input_value={'id': 'test_workflow', '..._keys=[], metadata={})]}, input_type=dict]&#10;    For further information visit https://errors.pydantic.dev/2.12/v/missing&#10;organization_id&#10;  Field required [type=missing, input_value={'id': 'test_workflow', '..._keys=[], metadata={})]}, input_type=dict]&#10;    For further information visit https://errors.pydantic.dev/2.12/v/missing">E   pydantic_core._pydantic_core.ValidationError: 4 validation errors for WorkflowDefinition
    steps.0
      Input should be a valid string [type=string_type, input_value=WorkflowStep(id='step1', ...st_keys=[], metadata={}), input_type=WorkflowStep]
        For further information visit https://errors.pydantic.dev/2.12/v/string_type
    steps.1
      Input should be a valid string [type=string_type, input_value=WorkflowStep(id='step2', ...st_keys=[], metadata={}), input_type=WorkflowStep]
        For further information visit https://errors.pydantic.dev/2.12/v/string_type
    description
      Field required [type=missing, input_value={'id': 'test_workflow', '..._keys=[], metadata={})]}, input_type=dict]
        For further information visit https://errors.pydantic.dev/2.12/v/missing
    organization_id
      Field required [type=missing, input_value={'id': 'test_workflow', '..._keys=[], metadata={})]}, input_type=dict]
        For further information visit https://errors.pydantic.dev/2.12/v/missing</failure></testcase><testcase classname="backend.tests.unit.test_knowledge_service" name="test_retrieve_context_empty_kb" time="0.003" /><testcase classname="backend.tests.unit.test_knowledge_service" name="test_retrieve_context_no_query_returns_summary" time="0.003" /><testcase classname="backend.tests.unit.test_knowledge_service" name="test_retrieve_context_with_query_filtering" time="0.003" /><testcase classname="backend.tests.unit.test_knowledge_service" name="test_retrieve_context_no_matches" time="0.003" /><testcase classname="backend.tests.unit.test_knowledge_service" name="test_retrieve_context_exception_handling" time="0.005" /><testcase classname="backend.tests.unit.test_llm_config" name="test_llm_provider_config_defaults" time="0.000" /><testcase classname="backend.tests.unit.test_llm_config" name="test_llm_provider_config_values" time="0.000" /><testcase classname="backend.tests.unit.test_llm_config" name="test_llm_provider_config_validation" time="0.001" /><testcase classname="backend.tests.unit.test_llm_config" name="test_ui_labels_presence" time="0.002" /><testcase classname="backend.tests.unit.test_pdf_generator" name="test_generate_execution_pdf_success" time="0.006"><failure message="backend.exceptions.AppException: Strict Label Resolution Failed in PDF: Dimension 'None' has no label.">E   backend.exceptions.AppException: Strict Label Resolution Failed in PDF: Dimension 'None' has no label.</failure></testcase><testcase classname="backend.tests.unit.test_pdf_generator" name="test_generate_execution_pdf_not_found" time="0.005" /><testcase classname="backend.tests.unit.test_pdf_generator" name="test_generate_execution_pdf_error_handling" time="0.006"><failure message="assert ('Chart Error' in &quot;Strict Label Resolution Failed in PDF: Dimension 'None' has no label.&quot; or 'Chart Error' in &quot;{'error_code': &lt;ErrorCodes.CHART_GENERATION_FAILED: 'CHART_GENERATION_FAILED'&gt;}&quot;)&#10; +  where &quot;Strict Label Resolution Failed in PDF: Dimension 'None' has no label.&quot; = str(AppException(&quot;Strict Label Resolution Failed in PDF: Dimension 'None' has no label.&quot;))&#10; +    where AppException(&quot;Strict Label Resolution Failed in PDF: Dimension 'None' has no label.&quot;) = &lt;ExceptionInfo AppException(&quot;Strict Label Resolution Failed in PDF: Dimension 'None' has no label.&quot;) tblen=2&gt;.value&#10; +  and   &quot;{'error_code': &lt;ErrorCodes.CHART_GENERATION_FAILED: 'CHART_GENERATION_FAILED'&gt;}&quot; = str({'error_code': &lt;ErrorCodes.CHART_GENERATION_FAILED: 'CHART_GENERATION_FAILED'&gt;})&#10; +    where {'error_code': &lt;ErrorCodes.CHART_GENERATION_FAILED: 'CHART_GENERATION_FAILED'&gt;} = AppException(&quot;Strict Label Resolution Failed in PDF: Dimension 'None' has no label.&quot;).details&#10; +      where AppException(&quot;Strict Label Resolution Failed in PDF: Dimension 'None' has no label.&quot;) = &lt;ExceptionInfo AppException(&quot;Strict Label Resolution Failed in PDF: Dimension 'None' has no label.&quot;) tblen=2&gt;.value">E   assert ('Chart Error' in "Strict Label Resolution Failed in PDF: Dimension 'None' has no label." or 'Chart Error' in "{'error_code': &lt;ErrorCodes.CHART_GENERATION_FAILED: 'CHART_GENERATION_FAILED'&gt;}")
     +  where "Strict Label Resolution Failed in PDF: Dimension 'None' has no label." = str(AppException("Strict Label Resolution Failed in PDF: Dimension 'None' has no label."))
     +    where AppException("Strict Label Resolution Failed in PDF: Dimension 'None' has no label.") = &lt;ExceptionInfo AppException("Strict Label Resolution Failed in PDF: Dimension 'None' has no label.") tblen=2&gt;.value
     +  and   "{'error_code': &lt;ErrorCodes.CHART_GENERATION_FAILED: 'CHART_GENERATION_FAILED'&gt;}" = str({'error_code': &lt;ErrorCodes.CHART_GENERATION_FAILED: 'CHART_GENERATION_FAILED'&gt;})
     +    where {'error_code': &lt;ErrorCodes.CHART_GENERATION_FAILED: 'CHART_GENERATION_FAILED'&gt;} = AppException("Strict Label Resolution Failed in PDF: Dimension 'None' has no label.").details
     +      where AppException("Strict Label Resolution Failed in PDF: Dimension 'None' has no label.") = &lt;ExceptionInfo AppException("Strict Label Resolution Failed in PDF: Dimension 'None' has no label.") tblen=2&gt;.value</failure></testcase><testcase classname="backend.tests.unit.test_pdf_generator" name="test_generate_pdf_with_logic_and_ethics" time="0.060"><failure message="AssertionError: Expected 'generate_bubble_chart' to have been called once. Called 0 times.">E   AssertionError: Expected 'generate_bubble_chart' to have been called once. Called 0 times.</failure></testcase><testcase classname="backend.tests.unit.test_reporting_hook" name="test_generate_report_no_data" time="0.002"><failure message="assert WorkflowState...timezone.utc)) == WorkflowState...timezone.utc))&#10;  &#10;  Use -v to get more diff">E   assert WorkflowState...timezone.utc)) == WorkflowState...timezone.utc))
      
      Use -v to get more diff</failure></testcase><testcase classname="backend.tests.unit.test_reporting_hook" name="test_generate_report_with_data" time="0.003"><failure message="AssertionError: assert 'xai_report_formatted' in {'inputs': {'history_text': 'text', 'product_text': 'product'}, 'report_context': {'archivist_precedents': None, 'audi...t_havainnot_yhteenveto': ['Critical Issue 1'], 'pisteet': {'Dimension1': {'arvosana': 4.0, 'perustelu': 'Good'}}}, ...}&#10; +  where {'inputs': {'history_text': 'text', 'product_text': 'product'}, 'report_context': {'archivist_precedents': None, 'audi...t_havainnot_yhteenveto': ['Critical Issue 1'], 'pisteet': {'Dimension1': {'arvosana': 4.0, 'perustelu': 'Good'}}}, ...} = WorkflowState(execution_id=UUID('b2ca4c65-4308-4486-8ca0-0ad8281b4a71'), workflow_id='test-wf', status='pending', exec... []}}, workflow_name=None, created_at=datetime.datetime(2026, 2, 21, 14, 49, 57, 464211, tzinfo=datetime.timezone.utc)).context_variables">E   AssertionError: assert 'xai_report_formatted' in {'inputs': {'history_text': 'text', 'product_text': 'product'}, 'report_context': {'archivist_precedents': None, 'audi...t_havainnot_yhteenveto': ['Critical Issue 1'], 'pisteet': {'Dimension1': {'arvosana': 4.0, 'perustelu': 'Good'}}}, ...}
     +  where {'inputs': {'history_text': 'text', 'product_text': 'product'}, 'report_context': {'archivist_precedents': None, 'audi...t_havainnot_yhteenveto': ['Critical Issue 1'], 'pisteet': {'Dimension1': {'arvosana': 4.0, 'perustelu': 'Good'}}}, ...} = WorkflowState(execution_id=UUID('b2ca4c65-4308-4486-8ca0-0ad8281b4a71'), workflow_id='test-wf', status='pending', exec... []}}, workflow_name=None, created_at=datetime.datetime(2026, 2, 21, 14, 49, 57, 464211, tzinfo=datetime.timezone.utc)).context_variables</failure></testcase><testcase classname="backend.tests.unit.test_reporting_hook" name="test_generate_report_attributes_fallback" time="0.001" /><testcase classname="backend.tests.unit.test_retrieval_agent" name="test_retrieval_agent_hybrid_execution" time="0.006"><failure message="backend.exceptions.AgentExecutionError: ErrorCodes.AGENT_EXECUTION_CRITICAL - Cause: 'dict' object has no attribute 'status'">E   AttributeError: 'dict' object has no attribute 'status'

The above exception was the direct cause of the following exception:
E   backend.exceptions.AgentExecutionError: ErrorCodes.AGENT_EXECUTION_CRITICAL - Cause: 'dict' object has no attribute 'status'</failure></testcase><testcase classname="backend.tests.unit.test_retrieval_agent" name="test_retrieval_agent_kb_failure_resilience" time="0.008"><failure message="backend.exceptions.AppException: Critical Failure in Knowledge Base Retrieval.">E   AttributeError: 'WorkflowInputs' object has no attribute 'query'

During handling of the above exception, another exception occurred:
E   backend.exceptions.AppException: Critical Failure in Knowledge Base Retrieval.</failure></testcase></testsuite></testsuites>